\BOOKMARK [1][-]{section.1}{\376\377\000S\000t\000o\000r\000y\000L\000e\000n\000s\000\040\000-\000\040\000S\000c\000r\000i\000p\000t\000\040\000T\000e\000s\000t\000i\000n\000g\000,\000\040\000D\000e\000m\000o\000,\000\040\000Q\000A}{}% 1
\BOOKMARK [2][-]{subsection.1.1}{\376\377\000C\000\341\000c\000h\000\040\000d\000\371\000n\000g\000\040\000n\000h\000a\000n\000h}{section.1}% 2
\BOOKMARK [1][-]{section.2}{\376\377\000S\000c\000r\000i\000p\000t\000\040\000t\000r\000\354\000n\000h\000\040\000b\000\340\000y}{}% 3
\BOOKMARK [2][-]{subsection.2.1}{\376\377\000S\000l\000i\000d\000e\000\040\0002\0000\000\040\000-\000\040\000K\000i\036\303\000m\000\040\000t\000h\036\355\000\040\000\040\000C\000I\000/\000C\000D}{section.2}% 4
\BOOKMARK [2][-]{subsection.2.2}{\376\377\000S\000l\000i\000d\000e\000\040\0002\0001\000\040\000-\000\040\000T\000\355\000n\000h\000\040\000n\001\003\000n\000g\000\040\000n\036\325\000i\000\040\000b\036\255\000t}{section.2}% 5
\BOOKMARK [2][-]{subsection.2.3}{\376\377\000S\000l\000i\000d\000e\000\040\0002\0002\000\040\000-\000\040\000D\000e\000m\000o\000\040\000l\000u\036\323\000n\000g\000\040\000A\000:\000\040\000T\000r\000a\000n\000g\000\040\000c\000h\036\347\000\040\000\040\000U\000p\000l\000o\000a\000d}{section.2}% 6
\BOOKMARK [2][-]{subsection.2.4}{\376\377\000S\000l\000i\000d\000e\000\040\0002\0003\000\040\000-\000\040\000D\000e\000m\000o\000\040\000l\000u\036\323\000n\000g\000\040\000A\000:\000\040\000R\000e\000a\000d\000e\000r\000\040\000o\000v\000e\000r\000l\000a\000y\000\040\000\040\000S\000t\000u\000d\000i\000o\000\040\000Q\000C}{section.2}% 7
\BOOKMARK [2][-]{subsection.2.5}{\376\377\000S\000l\000i\000d\000e\000\040\0002\0004\000\040\000-\000\040\000D\000e\000m\000o\000\040\000l\000u\036\323\000n\000g\000\040\000B\000:\000\040\000B\000a\000t\000c\000h\000,\000\040\000R\000A\000G\000\040\000Q\000A\000,\000\040\000T\000h\001\260\000\040\000v\000i\036\307\000n}{section.2}% 8
\BOOKMARK [2][-]{subsection.2.6}{\376\377\000S\000l\000i\000d\000e\000\040\0002\0005\000\040\000-\000\040\000H\036\241\000n\000\040\000c\000h\036\277\000\040\000\040\000l\036\327\000i\000\040\001\021\000\343\000\040\000b\000i\036\277\000t}{section.2}% 9
\BOOKMARK [2][-]{subsection.2.7}{\376\377\000S\000l\000i\000d\000e\000\040\0002\0006\000\040\000-\000\040\000H\001\260\036\333\000n\000g\000\040\000p\000h\000\341\000t\000\040\000t\000r\000i\036\303\000n}{section.2}% 10
\BOOKMARK [2][-]{subsection.2.8}{\376\377\000S\000l\000i\000d\000e\000\040\0002\0007\000\040\000-\000\040\000K\036\277\000t\000\040\000l\000u\036\255\000n}{section.2}% 11
\BOOKMARK [2][-]{subsection.2.9}{\376\377\000S\000l\000i\000d\000e\000\040\0002\0008\000\040\000-\000\040\000C\036\243\000m\000\040\001\241\000n\000\040\000\040\000Q\000A}{section.2}% 12
\BOOKMARK [1][-]{section.3}{\376\377\000B\036\243\000n\000g\000\040\000t\000r\000a\000\040\000n\000h\000a\000n\000h\000\040\000t\000h\000u\036\255\000t\000\040\000n\000g\036\357\000\040\000t\000e\000s\000t\000i\000n\000g}{}% 13
\BOOKMARK [1][-]{section.4}{\376\377\000Q\000A\000\040\000v\036\245\000n\000\040\001\021\000\341\000p\000\040\000c\000\363\000\040\000t\000h\036\303\000\040\000b\036\313\000\040\000h\036\317\000i}{}% 14
\BOOKMARK [2][-]{subsection.4.1}{\376\377\0001\000.\000\040\000N\000h\000\363\000m\000\040\000d\000\371\000n\000g\000\040\000n\000h\036\357\000n\000g\000\040\000c\000\364\000n\000g\000\040\000c\036\345\000\040\000k\000i\036\303\000m\000\040\000t\000h\036\355\000\040\000g\000\354\000?}{section.4}% 15
\BOOKMARK [2][-]{subsection.4.2}{\376\377\0002\000.\000\040\000V\000\354\000\040\000s\000a\000o\000\040\000n\000h\000\363\000m\000\040\000c\000h\036\315\000n\000\040\000K\000a\000t\000a\000l\000o\000n\000\040\000c\000h\000o\000\040\000P\000A\0005\000?}{section.4}% 16
\BOOKMARK [2][-]{subsection.4.3}{\376\377\0003\000.\000\040\000T\000e\000s\000t\000\040\000c\000a\000s\000e\000\040\000l\036\245\000y\000\040\000t\036\353\000\040\001\021\000\342\000u\000\040\000r\000a\000?}{section.4}% 17
\BOOKMARK [2][-]{subsection.4.4}{\376\377\0004\000.\000\040\000V\000\354\000\040\000s\000a\000o\000\040\000p\000h\036\243\000i\000\040\000c\000\363\000\040\000n\000h\000i\036\301\000u\000\040\000t\036\247\000n\000g\000\040\000t\000e\000s\000t\000?}{section.4}% 18
\BOOKMARK [2][-]{subsection.4.5}{\376\377\0005\000.\000\040\000T\000e\000s\000t\000\040\000a\000u\000t\000o\000m\000a\000t\000i\000o\000n\000\040\000c\000\363\000\040\000t\000h\000a\000y\000\040\000t\000h\036\277\000\040\000m\000a\000n\000u\000a\000l\000\040\000t\000e\000s\000t\000i\000n\000g\000\040\000k\000h\000\364\000n\000g\000?}{section.4}% 19
\BOOKMARK [2][-]{subsection.4.6}{\376\377\0006\000.\000\040\000K\000a\000t\000a\000l\000o\000n\000\040\000t\000e\000s\000t\000\040\000g\000\354\000\040\000t\000r\000o\000n\000g\000\040\000P\000A\0005\000?}{section.4}% 20
\BOOKMARK [2][-]{subsection.4.7}{\376\377\0007\000.\000\040\000V\000\354\000\040\000s\000a\000o\000\040\000k\000h\000\364\000n\000g\000\040\000d\000\371\000n\000g\000\040\000K\000a\000t\000a\000l\000o\000n\000\040\001\021\036\303\000\040\000t\000e\000s\000t\000\040\000t\000o\000\340\000n\000\040\000b\036\331\000\040\000l\000u\036\323\000n\000g\000\040\000U\000p\000l\000o\000a\000d\000\040\000-\000>\000\040\000A\000I\000\040\000d\036\313\000c\000h\000\040\000-\000>\000\040\000R\000e\000a\000d\000e\000r\000?}{section.4}% 21
\BOOKMARK [2][-]{subsection.4.8}{\376\377\0008\000.\000\040\000M\000o\000c\000k\000\040\000S\000u\000p\000a\000b\000a\000s\000e\000/\000G\000e\000m\000i\000n\000i\000\040\000c\000\363\000\040\000l\000\340\000m\000\040\000t\000e\000s\000t\000\040\000k\000\351\000m\000\040\000t\000h\036\255\000t\000\040\000k\000h\000\364\000n\000g\000?}{section.4}% 22
\BOOKMARK [2][-]{subsection.4.9}{\376\377\0009\000.\000\040\000P\000l\000a\000y\000w\000r\000i\000g\000h\000t\000\040\000k\000h\000\341\000c\000\040\000K\000a\000t\000a\000l\000o\000n\000\040\036\337\000\040\001\021\000\342\000u\000?}{section.4}% 23
\BOOKMARK [2][-]{subsection.4.10}{\376\377\0001\0000\000.\000\040\000C\000I\000\040\000c\000\363\000\040\000n\000h\036\357\000n\000g\000\040\000j\000o\000b\000\040\000n\000\340\000o\000?}{section.4}% 24
\BOOKMARK [2][-]{subsection.4.11}{\376\377\0001\0001\000.\000\040\000N\036\277\000u\000\040\000t\000e\000s\000t\000\040\000p\000a\000s\000s\000\040\0001\0000\0000\000\040\000t\000h\000\354\000\040\000c\000\363\000\040\000n\000g\000h\001\051\000a\000\040\000l\000\340\000\040\000h\036\307\000\040\000t\000h\036\321\000n\000g\000\040\000h\036\277\000t\000\040\000l\036\327\000i\000\040\000c\000h\001\260\000a\000?}{section.4}% 25
\BOOKMARK [2][-]{subsection.4.12}{\376\377\0001\0002\000.\000\040\000V\000a\000l\000i\000d\000a\000t\000i\000o\000n\000\040\000t\000e\000s\000t\000i\000n\000g\000\040\000k\000h\000\341\000c\000\040\000d\000e\000f\000e\000c\000t\000\040\000t\000e\000s\000t\000i\000n\000g\000\040\000n\000h\001\260\000\040\000t\000h\036\277\000\040\000n\000\340\000o\000?}{section.4}% 26
\BOOKMARK [2][-]{subsection.4.13}{\376\377\0001\0003\000.\000\040\000H\036\241\000n\000\040\000c\000h\036\277\000\040\000l\036\333\000n\000\040\000n\000h\036\245\000t\000\040\000c\036\347\000a\000\040\000p\000h\036\247\000n\000\040\000t\000e\000s\000t\000i\000n\000g\000\040\000h\000i\036\307\000n\000\040\000t\036\241\000i\000\040\000l\000\340\000\040\000g\000\354\000?}{section.4}% 27
\BOOKMARK [1][-]{section.5}{\376\377\000V\000\354\000\040\000s\000a\000o\000\040\000d\000\371\000n\000g\000\040\000Y\000\040\000m\000\340\000\040\000k\000h\000\364\000n\000g\000\040\000d\000\371\000n\000g\000\040\000X\000?}{}% 28
\BOOKMARK [2][-]{subsection.5.1}{\376\377\000V\000\354\000\040\000s\000a\000o\000\040\000d\000\371\000n\000g\000\040\000K\000a\000t\000a\000l\000o\000n\000\040\000m\000\340\000\040\000k\000h\000\364\000n\000g\000\040\000d\000\371\000n\000g\000\040\000S\000e\000l\000e\000n\000i\000u\000m\000?}{section.5}% 29
\BOOKMARK [2][-]{subsection.5.2}{\376\377\000V\000\354\000\040\000s\000a\000o\000\040\000v\036\253\000n\000\040\000d\000\371\000n\000g\000\040\000P\000l\000a\000y\000w\000r\000i\000g\000h\000t\000\040\000n\036\277\000u\000\040\001\021\000\343\000\040\000c\000\363\000\040\000K\000a\000t\000a\000l\000o\000n\000?}{section.5}% 30
\BOOKMARK [2][-]{subsection.5.3}{\376\377\000V\000\354\000\040\000s\000a\000o\000\040\000d\000\371\000n\000g\000\040\000V\000i\000t\000e\000s\000t\000\040\000m\000\340\000\040\000k\000h\000\364\000n\000g\000\040\000d\000\371\000n\000g\000\040\000J\000e\000s\000t\000?}{section.5}% 31
\BOOKMARK [2][-]{subsection.5.4}{\376\377\000V\000\354\000\040\000s\000a\000o\000\040\000d\000\371\000n\000g\000\040\000R\000e\000a\000c\000t\000\040\000T\000e\000s\000t\000i\000n\000g\000\040\000L\000i\000b\000r\000a\000r\000y\000\040\000m\000\340\000\040\000k\000h\000\364\000n\000g\000\040\000t\000e\000s\000t\000\040\000t\000r\036\361\000c\000\040\000t\000i\036\277\000p\000\040\000s\000t\000a\000t\000e\000/\000c\000o\000m\000p\000o\000n\000e\000n\000t\000\040\000i\000n\000t\000e\000r\000n\000a\000l\000s\000?}{section.5}% 32
\BOOKMARK [2][-]{subsection.5.5}{\376\377\000V\000\354\000\040\000s\000a\000o\000\040\000d\000\371\000n\000g\000\040\000p\000y\000t\000e\000s\000t\000\040\000m\000\340\000\040\000k\000h\000\364\000n\000g\000\040\000d\000\371\000n\000g\000\040\000u\000n\000i\000t\000t\000e\000s\000t\000\040\000m\036\267\000c\000\040\001\021\036\313\000n\000h\000\040\000c\036\347\000a\000\040\000P\000y\000t\000h\000o\000n\000?}{section.5}% 33
\BOOKMARK [2][-]{subsection.5.6}{\376\377\000V\000\354\000\040\000s\000a\000o\000\040\000d\000\371\000n\000g\000\040\000r\000e\000s\000p\000x\000\040\000m\000\340\000\040\000k\000h\000\364\000n\000g\000\040\000g\036\315\000i\000\040\000G\000e\000m\000i\000n\000i\000/\000S\000u\000p\000a\000b\000a\000s\000e\000\040\000t\000h\036\255\000t\000\040\000t\000r\000o\000n\000g\000\040\000m\036\315\000i\000\040\000t\000e\000s\000t\000?}{section.5}% 34
\BOOKMARK [2][-]{subsection.5.7}{\376\377\000V\000\354\000\040\000s\000a\000o\000\040\000k\000h\000\364\000n\000g\000\040\000l\000\340\000m\000\040\000l\000o\000a\000d\000\040\000t\000e\000s\000t\000/\000J\000M\000e\000t\000e\000r\000?}{section.5}% 35
\BOOKMARK [1][-]{section.6}{\376\377\000G\000l\000o\000s\000s\000a\000r\000y\000\040\000t\000e\000c\000h\000n\000i\000c\000a\000l\000\040\000g\036\257\000n\000\040\000v\036\333\000i\000\040\000S\000t\000o\000r\000y\000L\000e\000n\000s}{}% 36
